// Jest Snapshot v1, https://goo.gl/fbAQLP

exports[`UnderConstruction renders a heading 1`] = `
{
  "asFragment": [Function],
  "baseElement": <body>
    <div>
      <section
        class="slideInfo"
      >
        <div
          class="groupPoint"
        />
        <h1
          class="title"
        >
          Under Construction
          <br />
        </h1>
        <div
          class="description"
        >
          <p>
            My website is currently undergoing .
            <br />
            Should be back shortly, thanks you for you patience.
          </p>
        </div>
        <form>
          <input
            class="email"
            name="email"
            placeholder="Enter your email"
            required=""
            type="email"
            value=""
          />
          <button
            class="btnEmail"
            name="btn"
            type="submit"
          >
            Notify me
          </button>
        </form>
      </section>
    </div>
  </body>,
  "container": <div>
    <section
      class="slideInfo"
    >
      <div
        class="groupPoint"
      />
      <h1
        class="title"
      >
        Under Construction
        <br />
      </h1>
      <div
        class="description"
      >
        <p>
          My website is currently undergoing .
          <br />
          Should be back shortly, thanks you for you patience.
        </p>
      </div>
      <form>
        <input
          class="email"
          name="email"
          placeholder="Enter your email"
          required=""
          type="email"
          value=""
        />
        <button
          class="btnEmail"
          name="btn"
          type="submit"
        >
          Notify me
        </button>
      </form>
    </section>
  </div>,
  "debug": [Function],
  "findAllByAltText": [Function],
  "findAllByDisplayValue": [Function],
  "findAllByLabelText": [Function],
  "findAllByPlaceholderText": [Function],
  "findAllByRole": [Function],
  "findAllByTestId": [Function],
  "findAllByText": [Function],
  "findAllByTitle": [Function],
  "findByAltText": [Function],
  "findByDisplayValue": [Function],
  "findByLabelText": [Function],
  "findByPlaceholderText": [Function],
  "findByRole": [Function],
  "findByTestId": [Function],
  "findByText": [Function],
  "findByTitle": [Function],
  "getAllByAltText": [Function],
  "getAllByDisplayValue": [Function],
  "getAllByLabelText": [Function],
  "getAllByPlaceholderText": [Function],
  "getAllByRole": [Function],
  "getAllByTestId": [Function],
  "getAllByText": [Function],
  "getAllByTitle": [Function],
  "getByAltText": [Function],
  "getByDisplayValue": [Function],
  "getByLabelText": [Function],
  "getByPlaceholderText": [Function],
  "getByRole": [Function],
  "getByTestId": [Function],
  "getByText": [Function],
  "getByTitle": [Function],
  "queryAllByAltText": [Function],
  "queryAllByDisplayValue": [Function],
  "queryAllByLabelText": [Function],
  "queryAllByPlaceholderText": [Function],
  "queryAllByRole": [Function],
  "queryAllByTestId": [Function],
  "queryAllByText": [Function],
  "queryAllByTitle": [Function],
  "queryByAltText": [Function],
  "queryByDisplayValue": [Function],
  "queryByLabelText": [Function],
  "queryByPlaceholderText": [Function],
  "queryByRole": [Function],
  "queryByTestId": [Function],
  "queryByText": [Function],
  "queryByTitle": [Function],
  "rerender": [Function],
  "unmount": [Function],
}
`;
